// Jest Snapshot v1, https://goo.gl/fbAQLP

exports[`NetworkSwitcherGlyph renders NetworkSwitcherGlyph 1`] = `
.c0 {
  min-width: 0;
  box-sizing: border-box;
  display: -webkit-box;
  display: -webkit-flex;
  display: -ms-flexbox;
  display: flex;
  -webkit-box-pack: start;
  -webkit-justify-content: flex-start;
  -ms-flex-pack: start;
  justify-content: flex-start;
}

.c1 {
  background: #E4EBFC;
  -webkit-transition: 0.2s ease-in-out;
  transition: 0.2s ease-in-out;
  outline: none;
  border-top-left-radius: 4px;
  border-bottom-left-radius: 4px;
  border: 0;
  font-size: 1rem;
  font-weight: 400;
  font-family: RT-Alias-Grotesk;
  display: -webkit-box;
  display: -webkit-flex;
  display: -ms-flexbox;
  display: flex;
  width: 50%;
  height: 48px;
  -webkit-flex-shrink: 0;
  -ms-flex-negative: 0;
  flex-shrink: 0;
  -webkit-align-items: center;
  -webkit-box-align: center;
  -ms-flex-align: center;
  align-items: center;
  -webkit-box-pack: center;
  -webkit-justify-content: center;
  -ms-flex-pack: center;
  justify-content: center;
  padding-left: 8px;
  padding-right: 8px;
  padding-top: 4px;
  padding-bottom: 4px;
}

.c1:hover {
  -webkit-transform: translateY(-4px);
  -ms-transform: translateY(-4px);
  transform: translateY(-4px);
  cursor: pointer;
  background: props.theme.colors.input.background.valid;
}

.c2 {
  background: #1AD08F;
  -webkit-transition: 0.2s ease-in-out;
  transition: 0.2s ease-in-out;
  outline: none;
  border-top-right-radius: 4px;
  border-bottom-right-radius: 4px;
  border: 0;
  font-size: 1rem;
  font-weight: 400;
  font-family: RT-Alias-Grotesk;
  display: -webkit-box;
  display: -webkit-flex;
  display: -ms-flexbox;
  display: flex;
  width: 50%;
  height: 48px;
  -webkit-flex-shrink: 0;
  -ms-flex-negative: 0;
  flex-shrink: 0;
  -webkit-align-items: center;
  -webkit-box-align: center;
  -ms-flex-align: center;
  align-items: center;
  -webkit-box-pack: center;
  -webkit-justify-content: center;
  -ms-flex-pack: center;
  justify-content: center;
  padding-left: 8px;
  padding-right: 8px;
  padding-top: 4px;
  padding-bottom: 4px;
}

.c2:hover {
  -webkit-transform: translateY(-4px);
  -ms-transform: translateY(-4px);
  transform: translateY(-4px);
  cursor: pointer;
  background: props.theme.colors.input.background.valid;
}

<div
  class="c0"
  display="flex"
>
  <button
    class="c1"
    display="flex"
    font-family="RT-Alias-Grotesk"
    font-size="1"
    font-weight="1"
    height="6"
    width="50%"
  >
    Legacy address
  </button>
  <button
    class="c2"
    display="flex"
    font-family="RT-Alias-Grotesk"
    font-size="1"
    font-weight="1"
    height="6"
    width="50%"
  >
    Normal address
  </button>
</div>
`;
