// Jest Snapshot v1, https://goo.gl/fbAQLP

exports[`Warning renders the story 1`] = `
.c0 {
  min-width: 0;
  box-sizing: border-box;
  display: -webkit-box;
  display: -webkit-flex;
  display: -ms-flexbox;
  display: flex;
  width: 100%;
  -webkit-flex-direction: column;
  -ms-flex-direction: column;
  flex-direction: column;
  -webkit-box-pack: center;
  -webkit-justify-content: center;
  -ms-flex-pack: center;
  justify-content: center;
  -webkit-align-content: center;
  -ms-flex-line-pack: center;
  align-content: center;
}

.c1 {
  min-width: 0;
  box-sizing: border-box;
  border: 1px solid;
  border-radius: 4px;
  border-width: 1px;
  padding: 0;
  display: -webkit-box;
  display: -webkit-flex;
  display: -ms-flexbox;
  display: flex;
  width: 100%;
  max-width: 560px;
  min-height: 300px;
  overflow: hidden;
  -webkit-flex-direction: column;
  -ms-flex-direction: column;
  flex-direction: column;
  -webkit-box-pack: start;
  -webkit-justify-content: flex-start;
  -ms-flex-pack: start;
  justify-content: flex-start;
}

.c2 {
  min-width: 0;
  box-sizing: border-box;
  padding: 16px;
  background-color: #FF9E80;
  display: -webkit-box;
  display: -webkit-flex;
  display: -ms-flexbox;
  display: flex;
  -webkit-align-items: center;
  -webkit-box-align: center;
  -ms-flex-align: center;
  align-items: center;
  -webkit-box-pack: justify;
  -webkit-justify-content: space-between;
  -ms-flex-pack: justify;
  justify-content: space-between;
}

.c3 {
  min-width: 0;
  box-sizing: border-box;
  border-width: 0.1875rem;
  border-radius: 8px;
  border-style: solid;
  background-color: #FF9E80;
  color: #661800;
  display: -webkit-box;
  display: -webkit-flex;
  display: -ms-flexbox;
  display: flex;
  width: 48px;
  height: 48px;
  -webkit-align-items: center;
  -webkit-box-align: center;
  -ms-flex-align: center;
  align-items: center;
  -webkit-box-pack: center;
  -webkit-justify-content: center;
  -ms-flex-pack: center;
  justify-content: center;
}

.c6 {
  min-width: 0;
  box-sizing: border-box;
  padding-left: 16px;
  padding-right: 16px;
  padding-top: 24px;
  padding-bottom: 24px;
}

.c4 {
  font-family: "RT-Alias-Medium","system-ui","Segoe UI","Roboto",Helvetica;
  font-weight: 700;
  font-size: 1.5rem;
}

.c8 {
  -webkit-text-decoration: none;
  text-decoration: none;
  -webkit-transition: 0.18s ease-in-out;
  transition: 0.18s ease-in-out;
  border-bottom: 2px solid #5E26FF00;
  color: #5E26FF;
  font-size: 1.25rem;
}

.c8:hover {
  border-bottom: 2px solid #5E26FF;
}

.c5 {
  color: #661800;
  font-size: 1.5rem;
  font-weight: 400;
  line-height: 1.2;
  font-family: RT-Alias-Grotesk;
  margin: 0;
}

.c7 {
  font-size: 1.125rem;
  font-weight: 400;
  line-height: 1.4;
  font-family: RT-Alias-Grotesk;
}

<div
  class="c0"
  display="flex"
  width="100%"
>
  <div
    class="c1"
    display="flex"
    overflow="hidden"
    width="100%"
  >
    <div
      class="c2"
      display="flex"
    >
      <div
        class="c3"
        color="status.warning.foreground"
        display="flex"
        size="6"
      >
        <h3
          class="c4"
        >
          Wn
        </h3>
      </div>
      <h2
        class="c5"
        color="status.warning.foreground"
        font-family="RT-Alias-Grotesk"
        font-size="4"
        font-weight="400"
      >
        A title
      </h2>
    </div>
    <div
      class="c6"
    >
      <p
        class="c7"
        font-family="RT-Alias-Grotesk"
        font-size="2"
        font-weight="400"
      >
        A description
      </p>
      <a
        class="c8"
        color="core.primary"
        font-size="3"
        href="https://openworklabs.com"
        rel="noopener"
        target="_blank"
      >
        Link Display
      </a>
    </div>
  </div>
</div>
`;
