// Jest Snapshot v1, https://goo.gl/fbAQLP

exports[`Phishing Banner renders the phishing banner 1`] = `
.c0 {
  display: -webkit-box;
  display: -webkit-flex;
  display: -ms-flexbox;
  display: flex;
  -webkit-align-items: center;
  -webkit-box-align: center;
  -ms-flex-align: center;
  align-items: center;
  padding-left: 1.5em;
  border-radius: 10px;
  font-size: var(--type-small);
  text-align: center;
  background: #ff4242;
  color: white;
}

.c0 p {
  -webkit-flex: 1 1 auto;
  -ms-flex: 1 1 auto;
  flex: 1 1 auto;
}

.c0 a {
  color: inherit;
  -webkit-text-decoration: underline;
  text-decoration: underline;
}

.c0 a:hover {
  color: inherit;
  -webkit-text-decoration: none;
  text-decoration: none;
}

.c0 button {
  height: 3em;
  padding: 0 1.5em;
  cursor: pointer;
  border: none;
  color: inherit;
  background: none;
}

<div
  class="c0"
>
  <p>
    For your protection, please check your browser's URL bar that you're visitingÂ 
    <a
      href="https://sender.glif.io"
      rel="noreferrer noopener"
      target="_blank"
    >
      https://sender.glif.io
    </a>
  </p>
  <button
    type="button"
  >
    close
  </button>
</div>
`;
