// Jest Snapshot v1, https://goo.gl/fbAQLP

exports[`CopyAddress renders the story 1`] = `
.c0 {
  min-width: 0;
  box-sizing: border-box;
  color: #E0D7FE;
  display: -webkit-box;
  display: -webkit-flex;
  display: -ms-flexbox;
  display: flex;
  -webkit-align-items: center;
  -webkit-box-align: center;
  -ms-flex-align: center;
  align-items: center;
}

.c1 {
  font-size: 1.25rem;
  font-weight: 400;
  line-height: 1.2;
  font-family: RT-Alias-Grotesk;
  overflow: hidden;
  margin: 0;
}

.c4 {
  width: 24;
  height: 24;
}

.c3 {
  height: auto;
  cursor: pointer;
  opacity: 1;
  display: -webkit-box;
  display: -webkit-flex;
  display: -ms-flexbox;
  display: flex;
  -webkit-flex-direction: row;
  -ms-flex-direction: row;
  flex-direction: row;
  -webkit-align-items: center;
  -webkit-box-align: center;
  -ms-flex-align: center;
  align-items: center;
  -webkit-box-pack: center;
  -webkit-justify-content: center;
  -ms-flex-pack: center;
  justify-content: center;
  border: 0;
  background: transparent;
  padding: 0;
  outline: none;
}

.c6 {
  -webkit-transition: 0.24s ease-in-out;
  transition: 0.24s ease-in-out;
}

.c2:hover .c5 {
  -webkit-transform: scale(1.25);
  -ms-transform: scale(1.25);
  transform: scale(1.25);
}

.c8 {
  -webkit-transition: 0.18s ease-in;
  transition: 0.18s ease-in;
  opacity: 0;
  text-align: left;
  color: #E0D7FE;
  margin-top: 0;
  margin-left: 4px;
  margin-top: 0;
  margin-left: 4px;
}

.c2:hover .c7 {
  opacity: 1;
}

<div
  class="c0"
  color="core.secondary"
  display="flex"
>
  <h2
    class="c1"
    font-family="RT-Alias-Grotesk"
    font-size="3"
    font-weight="1"
    overflow="hidden"
  >
    f17uoq ... twpryy
  </h2>
  <div
    class="c0"
    color="core.secondary"
    display="flex"
  >
    <button
      class="c2 c3"
      display="flex"
      role="button"
      type="button"
    >
      <svg
        class="c4 c5 c6"
        fill="none"
        height="24"
        viewBox="0 0 24 24"
        width="24"
        xmlns="http://www.w3.org/2000/svg"
      >
        <rect
          fill="#1A0066"
          height="12"
          width="12"
          x="8"
          y="4"
        />
        <rect
          fill="#E0D7FE"
          height="12"
          width="12"
          x="4"
          y="8"
        />
      </svg>
      <span
        class="c7 c8"
        color="core.secondary"
      >
        Copy
      </span>
    </button>
  </div>
</div>
`;
