// Jest Snapshot v1, https://goo.gl/fbAQLP

exports[`AccountCardAlt renders created address at random index 1`] = `
.c0 {
  min-width: 0;
  box-sizing: border-box;
  margin: 8px;
  display: inline-block;
}

.c1 {
  min-width: 0;
  box-sizing: border-box;
  border: 1px solid;
  border-radius: 4px;
  border-width: 1px;
  padding: 16px;
  background-color: hsla(0,0%,90%,0);
  color: colors.core.black;
  display: -webkit-box;
  display: -webkit-flex;
  display: -ms-flexbox;
  display: flex;
  width: 300px;
  overflow: hidden;
  height: 300px;
  -webkit-flex-direction: column;
  -ms-flex-direction: column;
  flex-direction: column;
  -webkit-box-pack: justify;
  -webkit-justify-content: space-between;
  -ms-flex-pack: justify;
  justify-content: space-between;
}

.c2 {
  min-width: 0;
  box-sizing: border-box;
  display: -webkit-box;
  display: -webkit-flex;
  display: -ms-flexbox;
  display: flex;
  -webkit-align-items: center;
  -webkit-box-align: center;
  -ms-flex-align: center;
  align-items: center;
  -webkit-box-pack: start;
  -webkit-justify-content: flex-start;
  -ms-flex-pack: start;
  justify-content: flex-start;
}

.c3 {
  min-width: 0;
  box-sizing: border-box;
  border-width: 0.1875rem;
  border-radius: 8px;
  border-style: solid;
  margin-right: 16px;
  color: colors.core.black;
  display: -webkit-box;
  display: -webkit-flex;
  display: -ms-flexbox;
  display: flex;
  width: 48px;
  height: 48px;
  -webkit-align-items: center;
  -webkit-box-align: center;
  -ms-flex-align: center;
  align-items: center;
  -webkit-box-pack: center;
  -webkit-justify-content: center;
  -ms-flex-pack: center;
  justify-content: center;
}

.c5 {
  min-width: 0;
  box-sizing: border-box;
  display: -webkit-box;
  display: -webkit-flex;
  display: -ms-flexbox;
  display: flex;
  -webkit-flex-direction: column;
  -ms-flex-direction: column;
  flex-direction: column;
}

.c7 {
  min-width: 0;
  box-sizing: border-box;
  display: -webkit-box;
  display: -webkit-flex;
  display: -ms-flexbox;
  display: flex;
  -webkit-flex-direction: row;
  -ms-flex-direction: row;
  flex-direction: row;
}

.c9 {
  min-width: 0;
  box-sizing: border-box;
  display: -webkit-box;
  display: -webkit-flex;
  display: -ms-flexbox;
  display: flex;
  -webkit-flex-direction: row;
  -ms-flex-direction: row;
  flex-direction: row;
  -webkit-box-pack: center;
  -webkit-justify-content: center;
  -ms-flex-pack: center;
  justify-content: center;
}

.c11 {
  min-width: 0;
  box-sizing: border-box;
  color: #5E26FF;
  display: -webkit-box;
  display: -webkit-flex;
  display: -ms-flexbox;
  display: flex;
  -webkit-align-items: center;
  -webkit-box-align: center;
  -ms-flex-align: center;
  align-items: center;
}

.c17 {
  min-width: 0;
  box-sizing: border-box;
  display: -webkit-box;
  display: -webkit-flex;
  display: -ms-flexbox;
  display: flex;
  -webkit-flex-direction: row;
  -ms-flex-direction: row;
  flex-direction: row;
  -webkit-box-pack: justify;
  -webkit-justify-content: space-between;
  -ms-flex-pack: justify;
  justify-content: space-between;
  -webkit-align-items: flex-end;
  -webkit-box-align: flex-end;
  -ms-flex-align: flex-end;
  align-items: flex-end;
}

.c4 {
  font-family: "RT-Alias-Medium","system-ui","Segoe UI","Roboto",Helvetica;
  font-weight: 700;
  font-size: 1.5rem;
}

.c6 {
  font-size: 1.5rem;
  font-weight: 400;
  line-height: 1.2;
  font-family: RT-Alias-Grotesk;
  margin: 0;
  margin-top: 0;
  margin-bottom: 0;
}

.c8 {
  font-size: 1.125rem;
  font-weight: 400;
  line-height: 1.4;
  font-family: RT-Alias-Grotesk;
  padding: 0;
  margin: 0;
}

.c18 {
  font-size: 1.25rem;
  font-weight: 400;
  line-height: 1.4;
  font-family: RT-Alias-Grotesk;
  margin-top: 0;
  margin-bottom: 0;
}

.c19 {
  cursor: pointer;
  border: 1px solid #262626;
  background-color: transparent;
  border-color: #262626;
  color: #262626;
  font-size: 1.125rem;
  -webkit-transition: 0.18s ease-in-out;
  transition: 0.18s ease-in-out;
  border-radius: 4px;
  padding-top: 8px;
  padding-bottom: 8px;
  padding-left: 16px;
  padding-right: 16px;
  height: 48px;
  border-width: 1px;
  border-radius: 4px;
}

.c19:hover {
  opacity: 0.8;
}

.c10 {
  -webkit-text-decoration: none;
  text-decoration: none;
  -webkit-transition: 0.18s ease-in-out;
  transition: 0.18s ease-in-out;
  border-bottom: 2px solid #5E26FF00;
  color: #5E26FF;
  font-size: 1.5rem;
}

.c10:hover {
  border-bottom: 2px solid #5E26FF;
}

.c14 {
  width: 24;
  height: 24;
}

.c13 {
  height: auto;
  cursor: pointer;
  opacity: 1;
  display: -webkit-box;
  display: -webkit-flex;
  display: -ms-flexbox;
  display: flex;
  -webkit-flex-direction: row;
  -ms-flex-direction: row;
  flex-direction: row;
  -webkit-align-items: center;
  -webkit-box-align: center;
  -ms-flex-align: center;
  align-items: center;
  -webkit-box-pack: center;
  -webkit-justify-content: center;
  -ms-flex-pack: center;
  justify-content: center;
  border: 0;
  background: transparent;
  padding: 0;
  outline: none;
}

.c16 {
  -webkit-transition: 0.24s ease-in-out;
  transition: 0.24s ease-in-out;
}

.c12:hover .c15 {
  -webkit-transform: scale(1.25);
  -ms-transform: scale(1.25);
  transform: scale(1.25);
}

<div
  class="c0"
  display="inline-block"
>
  <div
    class="c1"
    color="colors.core.black"
    display="flex"
    height="11"
    overflow="hidden"
    width="11"
  >
    <div
      class="c2"
      display="flex"
    >
      <div
        class="c3"
        color="colors.core.black"
        display="flex"
        size="6"
      >
        <h3
          class="c4"
        >
          Cr
        </h3>
      </div>
      <div
        class="c5"
        display="flex"
      >
        <h2
          class="c6"
          font-family="RT-Alias-Grotesk"
          font-size="4"
          font-weight="400"
        >
          Created Account
        </h2>
        <div
          class="c7"
          display="flex"
        >
          <i>
            <p
              class="c8"
              font-family="RT-Alias-Grotesk"
              font-size="2"
              font-weight="400"
            >
              m/44'/461'/0'/0/56
            </p>
          </i>
        </div>
      </div>
    </div>
    <div
      class="c9"
      display="flex"
    >
      <a
        class="c10"
        color="core.primary"
        font-size="4"
        href="https://filfox.info/en/address/t0123456789"
        target="_blank"
      >
        t0123456789
      </a>
      <div
        class="c11"
        color="core.primary"
        display="flex"
      >
        <button
          class="c12 c13"
          display="flex"
          role="button"
          type="button"
        >
          <svg
            class="c14 c15 c16"
            fill="none"
            height="24"
            viewBox="0 0 24 24"
            width="24"
            xmlns="http://www.w3.org/2000/svg"
          >
            <rect
              fill="#1A0066"
              height="12"
              width="12"
              x="8"
              y="4"
            />
            <rect
              fill="#E0D7FE"
              height="12"
              width="12"
              x="4"
              y="8"
            />
          </svg>
        </button>
      </div>
    </div>
    <div
      class="c17"
      display="flex"
    >
      <div
        class="c5"
        display="flex"
      >
        <p
          class="c18"
          font-family="RT-Alias-Grotesk"
          font-size="3"
          font-weight="400"
        >
          Balance
        </p>
        <h2
          class="c6"
          font-family="RT-Alias-Grotesk"
          font-size="4"
          font-weight="400"
        >
          100
           FIL
        </h2>
      </div>
      <button
        class="c19"
        font-size="3"
        height="6"
        type="button"
      >
        Select
      </button>
    </div>
  </div>
</div>
`;

exports[`AccountCardAlt renders legacy address 1`] = `
.c0 {
  min-width: 0;
  box-sizing: border-box;
  margin: 8px;
  display: inline-block;
}

.c1 {
  min-width: 0;
  box-sizing: border-box;
  border: 1px solid;
  border-radius: 4px;
  border-width: 1px;
  padding: 16px;
  background-color: hsla(0,0%,90%,0);
  color: colors.core.black;
  display: -webkit-box;
  display: -webkit-flex;
  display: -ms-flexbox;
  display: flex;
  width: 300px;
  overflow: hidden;
  height: 300px;
  -webkit-flex-direction: column;
  -ms-flex-direction: column;
  flex-direction: column;
  -webkit-box-pack: justify;
  -webkit-justify-content: space-between;
  -ms-flex-pack: justify;
  justify-content: space-between;
}

.c2 {
  min-width: 0;
  box-sizing: border-box;
  display: -webkit-box;
  display: -webkit-flex;
  display: -ms-flexbox;
  display: flex;
  -webkit-align-items: center;
  -webkit-box-align: center;
  -ms-flex-align: center;
  align-items: center;
  -webkit-box-pack: start;
  -webkit-justify-content: flex-start;
  -ms-flex-pack: start;
  justify-content: flex-start;
}

.c3 {
  min-width: 0;
  box-sizing: border-box;
  border-width: 0.1875rem;
  border-radius: 8px;
  border-style: solid;
  margin-right: 16px;
  color: colors.core.black;
  display: -webkit-box;
  display: -webkit-flex;
  display: -ms-flexbox;
  display: flex;
  width: 48px;
  height: 48px;
  -webkit-align-items: center;
  -webkit-box-align: center;
  -ms-flex-align: center;
  align-items: center;
  -webkit-box-pack: center;
  -webkit-justify-content: center;
  -ms-flex-pack: center;
  justify-content: center;
}

.c5 {
  min-width: 0;
  box-sizing: border-box;
  display: -webkit-box;
  display: -webkit-flex;
  display: -ms-flexbox;
  display: flex;
  -webkit-flex-direction: column;
  -ms-flex-direction: column;
  flex-direction: column;
}

.c7 {
  min-width: 0;
  box-sizing: border-box;
  display: -webkit-box;
  display: -webkit-flex;
  display: -ms-flexbox;
  display: flex;
  -webkit-flex-direction: row;
  -ms-flex-direction: row;
  flex-direction: row;
}

.c10 {
  min-width: 0;
  box-sizing: border-box;
  display: -webkit-box;
  display: -webkit-flex;
  display: -ms-flexbox;
  display: flex;
  -webkit-flex-direction: row;
  -ms-flex-direction: row;
  flex-direction: row;
  -webkit-box-pack: center;
  -webkit-justify-content: center;
  -ms-flex-pack: center;
  justify-content: center;
}

.c12 {
  min-width: 0;
  box-sizing: border-box;
  color: #5E26FF;
  display: -webkit-box;
  display: -webkit-flex;
  display: -ms-flexbox;
  display: flex;
  -webkit-align-items: center;
  -webkit-box-align: center;
  -ms-flex-align: center;
  align-items: center;
}

.c18 {
  min-width: 0;
  box-sizing: border-box;
  display: -webkit-box;
  display: -webkit-flex;
  display: -ms-flexbox;
  display: flex;
  -webkit-flex-direction: row;
  -ms-flex-direction: row;
  flex-direction: row;
  -webkit-box-pack: justify;
  -webkit-justify-content: space-between;
  -ms-flex-pack: justify;
  justify-content: space-between;
  -webkit-align-items: flex-end;
  -webkit-box-align: flex-end;
  -ms-flex-align: flex-end;
  align-items: flex-end;
}

.c4 {
  font-family: "RT-Alias-Medium","system-ui","Segoe UI","Roboto",Helvetica;
  font-weight: 700;
  font-size: 1.5rem;
}

.c6 {
  font-size: 1.5rem;
  font-weight: 400;
  line-height: 1.2;
  font-family: RT-Alias-Grotesk;
  margin: 0;
  margin-top: 0;
  margin-bottom: 0;
}

.c8 {
  font-size: 1.125rem;
  font-weight: 400;
  line-height: 1.4;
  font-family: RT-Alias-Grotesk;
  padding: 0;
  margin: 0;
  margin-right: 8px;
}

.c9 {
  font-size: 1.125rem;
  font-weight: 400;
  line-height: 1.4;
  font-family: RT-Alias-Grotesk;
  padding: 0;
  margin: 0;
}

.c19 {
  font-size: 1.25rem;
  font-weight: 400;
  line-height: 1.4;
  font-family: RT-Alias-Grotesk;
  margin-top: 0;
  margin-bottom: 0;
}

.c20 {
  cursor: pointer;
  border: 1px solid #262626;
  background-color: transparent;
  border-color: #262626;
  color: #262626;
  font-size: 1.125rem;
  -webkit-transition: 0.18s ease-in-out;
  transition: 0.18s ease-in-out;
  border-radius: 4px;
  padding-top: 8px;
  padding-bottom: 8px;
  padding-left: 16px;
  padding-right: 16px;
  height: 48px;
  border-width: 1px;
  border-radius: 4px;
}

.c20:hover {
  opacity: 0.8;
}

.c11 {
  -webkit-text-decoration: none;
  text-decoration: none;
  -webkit-transition: 0.18s ease-in-out;
  transition: 0.18s ease-in-out;
  border-bottom: 2px solid #5E26FF00;
  color: #5E26FF;
  font-size: 1.5rem;
}

.c11:hover {
  border-bottom: 2px solid #5E26FF;
}

.c15 {
  width: 24;
  height: 24;
}

.c14 {
  height: auto;
  cursor: pointer;
  opacity: 1;
  display: -webkit-box;
  display: -webkit-flex;
  display: -ms-flexbox;
  display: flex;
  -webkit-flex-direction: row;
  -ms-flex-direction: row;
  flex-direction: row;
  -webkit-align-items: center;
  -webkit-box-align: center;
  -ms-flex-align: center;
  align-items: center;
  -webkit-box-pack: center;
  -webkit-justify-content: center;
  -ms-flex-pack: center;
  justify-content: center;
  border: 0;
  background: transparent;
  padding: 0;
  outline: none;
}

.c17 {
  -webkit-transition: 0.24s ease-in-out;
  transition: 0.24s ease-in-out;
}

.c13:hover .c16 {
  -webkit-transform: scale(1.25);
  -ms-transform: scale(1.25);
  transform: scale(1.25);
}

<div
  class="c0"
  display="inline-block"
>
  <div
    class="c1"
    color="colors.core.black"
    display="flex"
    height="11"
    overflow="hidden"
    width="11"
  >
    <div
      class="c2"
      display="flex"
    >
      <div
        class="c3"
        color="colors.core.black"
        display="flex"
        size="6"
      >
        <h3
          class="c4"
        >
          1
        </h3>
      </div>
      <div
        class="c5"
        display="flex"
      >
        <h2
          class="c6"
          font-family="RT-Alias-Grotesk"
          font-size="4"
          font-weight="400"
        >
          Account 
          1
        </h2>
        <div
          class="c7"
          display="flex"
        >
          <i>
            <p
              class="c8"
              font-family="RT-Alias-Grotesk"
              font-size="2"
              font-weight="400"
            >
              Legacy
            </p>
          </i>
          <i>
            <p
              class="c9"
              font-family="RT-Alias-Grotesk"
              font-size="2"
              font-weight="400"
            >
              m/44'/1'/0'/0/1
            </p>
          </i>
        </div>
      </div>
    </div>
    <div
      class="c10"
      display="flex"
    >
      <a
        class="c11"
        color="core.primary"
        font-size="4"
        href="https://filfox.info/en/address/t0123456789"
        target="_blank"
      >
        t0123456789
      </a>
      <div
        class="c12"
        color="core.primary"
        display="flex"
      >
        <button
          class="c13 c14"
          display="flex"
          role="button"
          type="button"
        >
          <svg
            class="c15 c16 c17"
            fill="none"
            height="24"
            viewBox="0 0 24 24"
            width="24"
            xmlns="http://www.w3.org/2000/svg"
          >
            <rect
              fill="#1A0066"
              height="12"
              width="12"
              x="8"
              y="4"
            />
            <rect
              fill="#E0D7FE"
              height="12"
              width="12"
              x="4"
              y="8"
            />
          </svg>
        </button>
      </div>
    </div>
    <div
      class="c18"
      display="flex"
    >
      <div
        class="c5"
        display="flex"
      >
        <p
          class="c19"
          font-family="RT-Alias-Grotesk"
          font-size="3"
          font-weight="400"
        >
          Balance
        </p>
        <h2
          class="c6"
          font-family="RT-Alias-Grotesk"
          font-size="4"
          font-weight="400"
        >
          100
           FIL
        </h2>
      </div>
      <button
        class="c20"
        font-size="3"
        height="6"
        type="button"
      >
        Select
      </button>
    </div>
  </div>
</div>
`;

exports[`AccountCardAlt renders the card 1`] = `
.c0 {
  min-width: 0;
  box-sizing: border-box;
  margin: 8px;
  display: inline-block;
}

.c1 {
  min-width: 0;
  box-sizing: border-box;
  border: 1px solid;
  border-radius: 4px;
  border-width: 1px;
  padding: 16px;
  background-color: #5E26FF;
  color: #E0D7FE;
  display: -webkit-box;
  display: -webkit-flex;
  display: -ms-flexbox;
  display: flex;
  width: 300px;
  overflow: hidden;
  height: 300px;
  -webkit-flex-direction: column;
  -ms-flex-direction: column;
  flex-direction: column;
  -webkit-box-pack: justify;
  -webkit-justify-content: space-between;
  -ms-flex-pack: justify;
  justify-content: space-between;
}

.c2 {
  min-width: 0;
  box-sizing: border-box;
  display: -webkit-box;
  display: -webkit-flex;
  display: -ms-flexbox;
  display: flex;
  -webkit-align-items: center;
  -webkit-box-align: center;
  -ms-flex-align: center;
  align-items: center;
  -webkit-box-pack: start;
  -webkit-justify-content: flex-start;
  -ms-flex-pack: start;
  justify-content: flex-start;
}

.c3 {
  min-width: 0;
  box-sizing: border-box;
  border-width: 0.1875rem;
  border-radius: 8px;
  border-style: solid;
  margin-right: 16px;
  color: #E0D7FE;
  display: -webkit-box;
  display: -webkit-flex;
  display: -ms-flexbox;
  display: flex;
  width: 48px;
  height: 48px;
  -webkit-align-items: center;
  -webkit-box-align: center;
  -ms-flex-align: center;
  align-items: center;
  -webkit-box-pack: center;
  -webkit-justify-content: center;
  -ms-flex-pack: center;
  justify-content: center;
}

.c5 {
  min-width: 0;
  box-sizing: border-box;
  display: -webkit-box;
  display: -webkit-flex;
  display: -ms-flexbox;
  display: flex;
  -webkit-flex-direction: column;
  -ms-flex-direction: column;
  flex-direction: column;
}

.c7 {
  min-width: 0;
  box-sizing: border-box;
  display: -webkit-box;
  display: -webkit-flex;
  display: -ms-flexbox;
  display: flex;
  -webkit-flex-direction: row;
  -ms-flex-direction: row;
  flex-direction: row;
}

.c8 {
  min-width: 0;
  box-sizing: border-box;
  display: -webkit-box;
  display: -webkit-flex;
  display: -ms-flexbox;
  display: flex;
  -webkit-flex-direction: row;
  -ms-flex-direction: row;
  flex-direction: row;
  -webkit-box-pack: center;
  -webkit-justify-content: center;
  -ms-flex-pack: center;
  justify-content: center;
}

.c10 {
  min-width: 0;
  box-sizing: border-box;
  color: #E0D7FE;
  display: -webkit-box;
  display: -webkit-flex;
  display: -ms-flexbox;
  display: flex;
  -webkit-align-items: center;
  -webkit-box-align: center;
  -ms-flex-align: center;
  align-items: center;
}

.c16 {
  min-width: 0;
  box-sizing: border-box;
  display: -webkit-box;
  display: -webkit-flex;
  display: -ms-flexbox;
  display: flex;
  -webkit-flex-direction: row;
  -ms-flex-direction: row;
  flex-direction: row;
  -webkit-box-pack: justify;
  -webkit-justify-content: space-between;
  -ms-flex-pack: justify;
  justify-content: space-between;
  -webkit-align-items: flex-end;
  -webkit-box-align: flex-end;
  -ms-flex-align: flex-end;
  align-items: flex-end;
}

.c4 {
  font-family: "RT-Alias-Medium","system-ui","Segoe UI","Roboto",Helvetica;
  font-weight: 700;
  font-size: 1.5rem;
}

.c6 {
  font-size: 1.5rem;
  font-weight: 400;
  line-height: 1.2;
  font-family: RT-Alias-Grotesk;
  margin: 0;
  margin-top: 0;
  margin-bottom: 0;
}

.c17 {
  font-size: 1.25rem;
  font-weight: 400;
  line-height: 1.4;
  font-family: RT-Alias-Grotesk;
  margin-top: 0;
  margin-bottom: 0;
}

.c18 {
  cursor: pointer;
  border: 1px solid #E0D7FE;
  background-color: transparent;
  border-color: #E0D7FE;
  color: #E0D7FE;
  font-size: 1.125rem;
  -webkit-transition: 0.18s ease-in-out;
  transition: 0.18s ease-in-out;
  border-radius: 4px;
  padding-top: 8px;
  padding-bottom: 8px;
  padding-left: 16px;
  padding-right: 16px;
  height: 48px;
  border-width: 1px;
  border-radius: 4px;
}

.c18:hover {
  opacity: 0.8;
}

.c9 {
  -webkit-text-decoration: none;
  text-decoration: none;
  -webkit-transition: 0.18s ease-in-out;
  transition: 0.18s ease-in-out;
  border-bottom: 2px solid #5E26FF00;
  color: #E0D7FE;
  font-size: 1.5rem;
}

.c9:hover {
  border-bottom: 2px solid #5E26FF;
}

.c13 {
  width: 24;
  height: 24;
}

.c12 {
  height: auto;
  cursor: pointer;
  opacity: 1;
  display: -webkit-box;
  display: -webkit-flex;
  display: -ms-flexbox;
  display: flex;
  -webkit-flex-direction: row;
  -ms-flex-direction: row;
  flex-direction: row;
  -webkit-align-items: center;
  -webkit-box-align: center;
  -ms-flex-align: center;
  align-items: center;
  -webkit-box-pack: center;
  -webkit-justify-content: center;
  -ms-flex-pack: center;
  justify-content: center;
  border: 0;
  background: transparent;
  padding: 0;
  outline: none;
}

.c15 {
  -webkit-transition: 0.24s ease-in-out;
  transition: 0.24s ease-in-out;
}

.c11:hover .c14 {
  -webkit-transform: scale(1.25);
  -ms-transform: scale(1.25);
  transform: scale(1.25);
}

<div
  class="c0"
  display="inline-block"
>
  <div
    class="c1"
    color="card.account.color"
    display="flex"
    height="11"
    overflow="hidden"
    width="11"
  >
    <div
      class="c2"
      display="flex"
    >
      <div
        class="c3"
        color="card.account.color"
        display="flex"
        size="6"
      >
        <h3
          class="c4"
        >
          1
        </h3>
      </div>
      <div
        class="c5"
        display="flex"
      >
        <h2
          class="c6"
          font-family="RT-Alias-Grotesk"
          font-size="4"
          font-weight="400"
        >
          Account 
          1
        </h2>
        <div
          class="c7"
          display="flex"
        />
      </div>
    </div>
    <div
      class="c8"
      display="flex"
    >
      <a
        class="c9"
        color="card.account.color"
        font-size="4"
        href="https://filfox.info/en/address/t0123456789"
        target="_blank"
      >
        t0123456789
      </a>
      <div
        class="c10"
        color="card.account.color"
        display="flex"
      >
        <button
          class="c11 c12"
          display="flex"
          role="button"
          type="button"
        >
          <svg
            class="c13 c14 c15"
            fill="none"
            height="24"
            viewBox="0 0 24 24"
            width="24"
            xmlns="http://www.w3.org/2000/svg"
          >
            <rect
              fill="#1A0066"
              height="12"
              width="12"
              x="8"
              y="4"
            />
            <rect
              fill="#E0D7FE"
              height="12"
              width="12"
              x="4"
              y="8"
            />
          </svg>
        </button>
      </div>
    </div>
    <div
      class="c16"
      display="flex"
    >
      <div
        class="c5"
        display="flex"
      >
        <p
          class="c17"
          font-family="RT-Alias-Grotesk"
          font-size="3"
          font-weight="400"
        >
          Balance
        </p>
        <h2
          class="c6"
          font-family="RT-Alias-Grotesk"
          font-size="4"
          font-weight="400"
        >
          100
           FIL
        </h2>
      </div>
      <button
        class="c18"
        font-size="3"
        height="6"
        type="button"
      >
        Select
      </button>
    </div>
  </div>
</div>
`;

exports[`AccountCardAlt renders the unselected card 1`] = `
.c0 {
  min-width: 0;
  box-sizing: border-box;
  margin: 8px;
  display: inline-block;
}

.c1 {
  min-width: 0;
  box-sizing: border-box;
  border: 1px solid;
  border-radius: 4px;
  border-width: 1px;
  padding: 16px;
  background-color: hsla(0,0%,90%,0);
  color: colors.core.black;
  display: -webkit-box;
  display: -webkit-flex;
  display: -ms-flexbox;
  display: flex;
  width: 300px;
  overflow: hidden;
  height: 300px;
  -webkit-flex-direction: column;
  -ms-flex-direction: column;
  flex-direction: column;
  -webkit-box-pack: justify;
  -webkit-justify-content: space-between;
  -ms-flex-pack: justify;
  justify-content: space-between;
}

.c2 {
  min-width: 0;
  box-sizing: border-box;
  display: -webkit-box;
  display: -webkit-flex;
  display: -ms-flexbox;
  display: flex;
  -webkit-align-items: center;
  -webkit-box-align: center;
  -ms-flex-align: center;
  align-items: center;
  -webkit-box-pack: start;
  -webkit-justify-content: flex-start;
  -ms-flex-pack: start;
  justify-content: flex-start;
}

.c3 {
  min-width: 0;
  box-sizing: border-box;
  border-width: 0.1875rem;
  border-radius: 8px;
  border-style: solid;
  margin-right: 16px;
  color: colors.core.black;
  display: -webkit-box;
  display: -webkit-flex;
  display: -ms-flexbox;
  display: flex;
  width: 48px;
  height: 48px;
  -webkit-align-items: center;
  -webkit-box-align: center;
  -ms-flex-align: center;
  align-items: center;
  -webkit-box-pack: center;
  -webkit-justify-content: center;
  -ms-flex-pack: center;
  justify-content: center;
}

.c5 {
  min-width: 0;
  box-sizing: border-box;
  display: -webkit-box;
  display: -webkit-flex;
  display: -ms-flexbox;
  display: flex;
  -webkit-flex-direction: column;
  -ms-flex-direction: column;
  flex-direction: column;
}

.c7 {
  min-width: 0;
  box-sizing: border-box;
  display: -webkit-box;
  display: -webkit-flex;
  display: -ms-flexbox;
  display: flex;
  -webkit-flex-direction: row;
  -ms-flex-direction: row;
  flex-direction: row;
}

.c8 {
  min-width: 0;
  box-sizing: border-box;
  display: -webkit-box;
  display: -webkit-flex;
  display: -ms-flexbox;
  display: flex;
  -webkit-flex-direction: row;
  -ms-flex-direction: row;
  flex-direction: row;
  -webkit-box-pack: center;
  -webkit-justify-content: center;
  -ms-flex-pack: center;
  justify-content: center;
}

.c10 {
  min-width: 0;
  box-sizing: border-box;
  color: #5E26FF;
  display: -webkit-box;
  display: -webkit-flex;
  display: -ms-flexbox;
  display: flex;
  -webkit-align-items: center;
  -webkit-box-align: center;
  -ms-flex-align: center;
  align-items: center;
}

.c16 {
  min-width: 0;
  box-sizing: border-box;
  display: -webkit-box;
  display: -webkit-flex;
  display: -ms-flexbox;
  display: flex;
  -webkit-flex-direction: row;
  -ms-flex-direction: row;
  flex-direction: row;
  -webkit-box-pack: justify;
  -webkit-justify-content: space-between;
  -ms-flex-pack: justify;
  justify-content: space-between;
  -webkit-align-items: flex-end;
  -webkit-box-align: flex-end;
  -ms-flex-align: flex-end;
  align-items: flex-end;
}

.c4 {
  font-family: "RT-Alias-Medium","system-ui","Segoe UI","Roboto",Helvetica;
  font-weight: 700;
  font-size: 1.5rem;
}

.c6 {
  font-size: 1.5rem;
  font-weight: 400;
  line-height: 1.2;
  font-family: RT-Alias-Grotesk;
  margin: 0;
  margin-top: 0;
  margin-bottom: 0;
}

.c17 {
  font-size: 1.25rem;
  font-weight: 400;
  line-height: 1.4;
  font-family: RT-Alias-Grotesk;
  margin-top: 0;
  margin-bottom: 0;
}

.c18 {
  cursor: pointer;
  border: 1px solid #262626;
  background-color: transparent;
  border-color: #262626;
  color: #262626;
  font-size: 1.125rem;
  -webkit-transition: 0.18s ease-in-out;
  transition: 0.18s ease-in-out;
  border-radius: 4px;
  padding-top: 8px;
  padding-bottom: 8px;
  padding-left: 16px;
  padding-right: 16px;
  height: 48px;
  border-width: 1px;
  border-radius: 4px;
}

.c18:hover {
  opacity: 0.8;
}

.c9 {
  -webkit-text-decoration: none;
  text-decoration: none;
  -webkit-transition: 0.18s ease-in-out;
  transition: 0.18s ease-in-out;
  border-bottom: 2px solid #5E26FF00;
  color: #5E26FF;
  font-size: 1.5rem;
}

.c9:hover {
  border-bottom: 2px solid #5E26FF;
}

.c13 {
  width: 24;
  height: 24;
}

.c12 {
  height: auto;
  cursor: pointer;
  opacity: 1;
  display: -webkit-box;
  display: -webkit-flex;
  display: -ms-flexbox;
  display: flex;
  -webkit-flex-direction: row;
  -ms-flex-direction: row;
  flex-direction: row;
  -webkit-align-items: center;
  -webkit-box-align: center;
  -ms-flex-align: center;
  align-items: center;
  -webkit-box-pack: center;
  -webkit-justify-content: center;
  -ms-flex-pack: center;
  justify-content: center;
  border: 0;
  background: transparent;
  padding: 0;
  outline: none;
}

.c15 {
  -webkit-transition: 0.24s ease-in-out;
  transition: 0.24s ease-in-out;
}

.c11:hover .c14 {
  -webkit-transform: scale(1.25);
  -ms-transform: scale(1.25);
  transform: scale(1.25);
}

<div
  class="c0"
  display="inline-block"
>
  <div
    class="c1"
    color="colors.core.black"
    display="flex"
    height="11"
    overflow="hidden"
    width="11"
  >
    <div
      class="c2"
      display="flex"
    >
      <div
        class="c3"
        color="colors.core.black"
        display="flex"
        size="6"
      >
        <h3
          class="c4"
        >
          1
        </h3>
      </div>
      <div
        class="c5"
        display="flex"
      >
        <h2
          class="c6"
          font-family="RT-Alias-Grotesk"
          font-size="4"
          font-weight="400"
        >
          Account 
          1
        </h2>
        <div
          class="c7"
          display="flex"
        />
      </div>
    </div>
    <div
      class="c8"
      display="flex"
    >
      <a
        class="c9"
        color="core.primary"
        font-size="4"
        href="https://filfox.info/en/address/t0123456789"
        target="_blank"
      >
        t0123456789
      </a>
      <div
        class="c10"
        color="core.primary"
        display="flex"
      >
        <button
          class="c11 c12"
          display="flex"
          role="button"
          type="button"
        >
          <svg
            class="c13 c14 c15"
            fill="none"
            height="24"
            viewBox="0 0 24 24"
            width="24"
            xmlns="http://www.w3.org/2000/svg"
          >
            <rect
              fill="#1A0066"
              height="12"
              width="12"
              x="8"
              y="4"
            />
            <rect
              fill="#E0D7FE"
              height="12"
              width="12"
              x="4"
              y="8"
            />
          </svg>
        </button>
      </div>
    </div>
    <div
      class="c16"
      display="flex"
    >
      <div
        class="c5"
        display="flex"
      >
        <p
          class="c17"
          font-family="RT-Alias-Grotesk"
          font-size="3"
          font-weight="400"
        >
          Balance
        </p>
        <h2
          class="c6"
          font-family="RT-Alias-Grotesk"
          font-size="4"
          font-weight="400"
        >
          100
           FIL
        </h2>
      </div>
      <button
        class="c18"
        font-size="3"
        height="6"
        type="button"
      >
        Select
      </button>
    </div>
  </div>
</div>
`;
