// Jest Snapshot v1, https://goo.gl/fbAQLP

exports[`StepperHeader renders the story 1`] = `
.c6 {
  font-size: 1.5rem;
  font-weight: 400;
  line-height: 1.2;
  font-family: RT-Alias-Grotesk;
  margin: 0;
}

.c8 {
  color: #262626;
  font-size: 1.125rem;
  font-weight: 400;
  line-height: 1.4;
  font-family: RT-Alias-Grotesk;
  margin-right: 8px;
  margin-top: 0;
  margin-bottom: 0;
}

.c1 {
  min-width: 0;
  box-sizing: border-box;
  display: -webkit-box;
  display: -webkit-flex;
  display: -ms-flexbox;
  display: flex;
  -webkit-flex-direction: row;
  -ms-flex-direction: row;
  flex-direction: row;
  -webkit-align-items: center;
  -webkit-box-align: center;
  -ms-flex-align: center;
  align-items: center;
}

.c3 {
  min-width: 0;
  box-sizing: border-box;
  border-width: 0.1875rem;
  border-radius: 8px;
  border-style: solid;
  color: #000;
  display: -webkit-box;
  display: -webkit-flex;
  display: -ms-flexbox;
  display: flex;
  width: 48px;
  height: 48px;
  -webkit-align-items: center;
  -webkit-box-align: center;
  -ms-flex-align: center;
  align-items: center;
  -webkit-box-pack: center;
  -webkit-justify-content: center;
  -ms-flex-pack: center;
  justify-content: center;
}

.c5 {
  min-width: 0;
  box-sizing: border-box;
  width: 8px;
}

.c7 {
  min-width: 0;
  box-sizing: border-box;
  margin-left: 24px;
  margin-top: 0;
  margin-bottom: 0;
  display: -webkit-box;
  display: -webkit-flex;
  display: -ms-flexbox;
  display: flex;
}

.c9 {
  min-width: 0;
  box-sizing: border-box;
  display: -webkit-box;
  display: -webkit-flex;
  display: -ms-flexbox;
  display: flex;
  -webkit-align-items: center;
  -webkit-box-align: center;
  -ms-flex-align: center;
  align-items: center;
}

.c10 {
  min-width: 0;
  box-sizing: border-box;
  border-radius: 100px;
  margin-left: 4px;
  margin-right: 4px;
  background-color: #1AD08F;
  display: inline-block;
  width: 8px;
  height: 8px;
}

.c11 {
  min-width: 0;
  box-sizing: border-box;
  border-radius: 100px;
  margin-left: 4px;
  margin-right: 4px;
  background-color: #C4C4C4;
  display: inline-block;
  width: 8px;
  height: 8px;
}

.c4 {
  font-family: "RT-Alias-Medium","system-ui","Segoe UI","Roboto",Helvetica;
  font-weight: 700;
  font-size: 1.5rem;
}

.c0 {
  display: -webkit-box;
  display: -webkit-flex;
  display: -ms-flexbox;
  display: flex;
  -webkit-align-items: center;
  -webkit-box-align: center;
  -ms-flex-align: center;
  align-items: center;
  -webkit-box-pack: justify;
  -webkit-justify-content: space-between;
  -ms-flex-pack: justify;
  justify-content: space-between;
  border-color: silver;
  width: 100%;
}

.c2 {
  display: -webkit-box;
  display: -webkit-flex;
  display: -ms-flexbox;
  display: flex;
  -webkit-box-pack: justify;
  -webkit-justify-content: space-between;
  -ms-flex-pack: justify;
  justify-content: space-between;
}

<ul
  class="c0"
>
  <div
    class="c1"
    display="flex"
  >
    <li
      class="c2"
    >
      <div
        class="c3"
        color="#000"
        display="flex"
        size="6"
      >
        <h3
          class="c4"
        >
          LoL
        </h3>
      </div>
    </li>
    <div
      class="c5"
      width="2"
    />
    <h2
      class="c6"
      font-family="RT-Alias-Grotesk"
      font-size="4"
      font-weight="400"
    >
      A Title
    </h2>
  </div>
  <li>
    <div
      class="c7"
      display="flex"
    >
      <p
        class="c8"
        color="core.nearblack"
        font-family="RT-Alias-Grotesk"
        font-size="2"
        font-weight="400"
      >
        Step 
        1
      </p>
      <div
        class="c9"
        display="flex"
      >
        <div
          class="c10"
          display="inline-block"
          height="2"
          width="2"
        />
      </div>
      <div
        class="c9"
        display="flex"
      >
        <div
          class="c11"
          display="inline-block"
          height="2"
          width="2"
        />
      </div>
      <div
        class="c9"
        display="flex"
      >
        <div
          class="c11"
          display="inline-block"
          height="2"
          width="2"
        />
      </div>
      <div
        class="c9"
        display="flex"
      >
        <div
          class="c11"
          display="inline-block"
          height="2"
          width="2"
        />
      </div>
      <div
        class="c9"
        display="flex"
      >
        <div
          class="c11"
          display="inline-block"
          height="2"
          width="2"
        />
      </div>
    </div>
  </li>
</ul>
`;
