// Jest Snapshot v1, https://goo.gl/fbAQLP

exports[`Receive it renders correctly 1`] = `
.c1 {
  color: #666666;
  font-size: 1rem;
  font-weight: 400;
  line-height: 1;
  font-family: RT-Alias-Grotesk;
  margin: 0;
}

.c0 {
  min-width: 0;
  box-sizing: border-box;
}

.c2 {
  min-width: 0;
  box-sizing: border-box;
  display: -webkit-box;
  display: -webkit-flex;
  display: -ms-flexbox;
  display: flex;
  -webkit-flex-direction: row;
  -ms-flex-direction: row;
  flex-direction: row;
  grid-gap: 0.25em;
}

.c4 {
  min-width: 0;
  box-sizing: border-box;
  color: inherit;
  display: -webkit-box;
  display: -webkit-flex;
  display: -ms-flexbox;
  display: flex;
  -webkit-align-items: center;
  -webkit-box-align: center;
  -ms-flex-align: center;
  align-items: center;
}

.c7 {
  width: 24;
  height: 24;
}

.c6 {
  height: auto;
  cursor: pointer;
  opacity: 1;
  display: -webkit-box;
  display: -webkit-flex;
  display: -ms-flexbox;
  display: flex;
  -webkit-flex-direction: row;
  -ms-flex-direction: row;
  flex-direction: row;
  -webkit-align-items: center;
  -webkit-box-align: center;
  -ms-flex-align: center;
  align-items: center;
  -webkit-box-pack: center;
  -webkit-justify-content: center;
  -ms-flex-pack: center;
  justify-content: center;
  border: 0;
  background: transparent;
  padding: 0;
  outline: none;
}

.c9 {
  -webkit-transition: 0.24s ease-in-out;
  transition: 0.24s ease-in-out;
}

.c5:hover .c8 {
  -webkit-transform: scale(1.25);
  -ms-transform: scale(1.25);
  transform: scale(1.25);
}

.c3 {
  color: var(--purple-medium);
  -webkit-text-decoration: none;
  text-decoration: none;
}

.c3:hover {
  color: var(--purple-medium);
  -webkit-text-decoration: underline;
  text-decoration: underline;
}

<div
  class="c0"
>
  <h4
    class="c1"
    color="core.darkgray"
    font-family="RT-Alias-Grotesk"
    font-size="1"
    font-weight="400"
  >
    Safe Address
  </h4>
  <div
    class="c2"
    display="flex"
  >
    <a
      class="c3"
      href="https://explorer-calibration.glif.link/actor/?address=t137sjdbgunloi7couiy4l5nc7pd6k2jmq32vizpy"
      rel="noreferrer noopener"
      target="_blank"
    >
      t137sj ... 2vizpy
    </a>
    <div
      class="c4"
      color="inherit"
      display="flex"
    >
      <button
        class="c5 c6"
        display="flex"
        role="button"
        type="button"
      >
        <svg
          class="c7 c8 c9"
          fill="none"
          height="24"
          viewBox="0 0 24 24"
          width="24"
          xmlns="http://www.w3.org/2000/svg"
        >
          <rect
            fill="#1A0066"
            height="12"
            width="12"
            x="8"
            y="4"
          />
          <rect
            fill="#E0D7FE"
            height="12"
            width="12"
            x="4"
            y="8"
          />
        </svg>
      </button>
    </div>
  </div>
</div>
`;
