// Jest Snapshot v1, https://goo.gl/fbAQLP

exports[`AccountError renders the story 1`] = `
.c3 {
  display: -webkit-inline-box;
  display: -webkit-inline-flex;
  display: -ms-inline-flexbox;
  display: inline-flex;
  -webkit-box-pack: center;
  -webkit-justify-content: center;
  -ms-flex-pack: center;
  justify-content: center;
  -webkit-align-items: center;
  -webkit-box-align: center;
  -ms-flex-align: center;
  align-items: center;
  text-align: center;
  white-space: nowrap;
  cursor: pointer;
  gap: 0.75rem;
  padding: 0.5em 0.75em;
  color: var(--black);
  border-width: 1px;
  border-style: solid;
  border-radius: 8px;
  border-color: var(--black);
  background: transparent;
}

.c3 svg path {
  stroke: var(--black);
}

.c3:hover {
  color: var(--purple-medium);
  border-color: var(--purple-medium);
}

.c3:hover svg path {
  stroke: var(--purple-medium);
}

.c3:active {
  color: var(--white) !important;
  border-color: var(--purple-medium) !important;
  background: var(--purple-medium) !important;
}

.c3:active svg path {
  stroke: var(--white) !important;
}

.c0 {
  padding: 1.5em;
  border-radius: 8px;
  overflow: hidden;
  text-align: center;
  word-break: break-word;
}

.c0 > *:first-child {
  margin-top: 0;
}

.c0 > *:last-child {
  margin-bottom: 0;
}

.c0 > svg:first-child {
  display: block;
  margin: 0 auto 1em;
}

.c0 > h2:first-child {
  margin: 0;
}

.c0 header:first-child {
  margin: -1.5em -1.5em 1.5em -1.5em;
  padding: 1.5em;
  background-color: var(--purple-medium);
  color: var(--white);
}

.c1 {
  background-color: var(--blue-gray);
}

.c1 hr {
  border-color: var(--gray-medium);
}

.c2 {
  display: -webkit-box;
  display: -webkit-flex;
  display: -ms-flexbox;
  display: flex;
  -webkit-flex-direction: column;
  -ms-flex-direction: column;
  flex-direction: column;
  -webkit-box-pack: justify;
  -webkit-justify-content: space-between;
  -ms-flex-pack: justify;
  justify-content: space-between;
  width: 18em;
  height: 18em;
  background-color: var(--red-light);
  color: var(--red-dark);
}

.c2 h3 {
  margin-top: 0;
}

.c2 hr {
  border-color: var(--red-dark);
}

.c2 button {
  color: var(--red-dark);
  border-color: var(--red-dark);
}

.c2 button:hover {
  color: var(--white);
  border-color: var(--white);
  background-color: var(--red-light);
}

.c2 button:active {
  color: var(--red-light) !important;
  border-color: var(--white) !important;
  background-color: var(--white) !important;
}

<div
  class="c0 c1 c2"
>
  <div>
    <h3>
      Error
    </h3>
    <hr />
    <p>
      There was an error
    </p>
  </div>
  <button
    class="c3"
  >
    Try again
  </button>
</div>
`;
