// Jest Snapshot v1, https://goo.gl/fbAQLP

exports[`LoadingScreen renders the story 1`] = `
.c0 {
  min-width: 0;
  box-sizing: border-box;
  position: absolute;
  top: 0;
  left: 0;
  width: 100%;
  height: 100%;
  display: -webkit-box;
  display: -webkit-flex;
  display: -ms-flexbox;
  display: flex;
  -webkit-flex-direction: column;
  -ms-flex-direction: column;
  flex-direction: column;
  -webkit-align-items: center;
  -webkit-box-align: center;
  -ms-flex-align: center;
  align-items: center;
  -webkit-box-pack: center;
  -webkit-justify-content: center;
  -ms-flex-pack: center;
  justify-content: center;
}

.c1 {
  display: inline-block;
  height: 48px;
  width: 48px;
  background-color: #5E26FF;
}

.c2 {
  display: inline-block;
  height: 24px;
  width: 24px;
  background-color: rgb(26,0,102);
  -webkit-animation-name: bvGDKI;
  animation-name: bvGDKI;
  -webkit-animation-duration: 2s;
  animation-duration: 2s;
  -webkit-animation-iteration-count: infinite;
  animation-iteration-count: infinite;
}

.c3 {
  font-size: 1.125rem;
  font-weight: 400;
  line-height: 1;
  font-family: RT-Alias-Grotesk;
  margin: 0;
  margin-top: 16px;
}

<div
  class="c0"
  display="flex"
  height="100%"
  width="100%"
>
  <span
    class="c1"
  >
    <span
      class="c2"
    />
  </span>
  <h4
    class="c3"
    font-family="RT-Alias-Grotesk"
    font-size="2"
    font-weight="400"
  >
    Loading...
  </h4>
</div>
`;
