// Jest Snapshot v1, https://goo.gl/fbAQLP

exports[`Error renders the error 1`] = `
.c0 {
  min-width: 0;
  box-sizing: border-box;
  border: 1px solid;
  border-radius: 4px;
  border-width: 1px;
  border-color: #FC6D6F;
  padding: 16px;
  background-color: #FC6D6F;
  color: #660000;
  display: inline-block;
  width: 100%;
  max-width: 560px;
  min-height: 240px;
  overflow: hidden;
}

.c1 {
  min-width: 0;
  box-sizing: border-box;
  border-width: 0.1875rem;
  border-radius: 8px;
  border-style: solid;
  color: #660000;
  display: -webkit-box;
  display: -webkit-flex;
  display: -ms-flexbox;
  display: flex;
  width: 48px;
  height: 48px;
  -webkit-align-items: center;
  -webkit-box-align: center;
  -ms-flex-align: center;
  align-items: center;
  -webkit-box-pack: center;
  -webkit-justify-content: center;
  -ms-flex-pack: center;
  justify-content: center;
}

.c3 {
  min-width: 0;
  box-sizing: border-box;
  border-top: 1px solid;
  border-color: #660000;
  margin-top: 1.5em;
  padding-top: 1em;
}

.c4 {
  min-width: 0;
  box-sizing: border-box;
  margin-top: 32px;
  text-align: center;
}

.c5 {
  cursor: pointer;
  border: 1px solid #262626;
  background-color: transparent;
  border-color: #262626;
  color: #262626;
  font-size: 1.125rem;
  -webkit-transition: 0.18s ease-in-out;
  transition: 0.18s ease-in-out;
  border-radius: 4px;
  padding-top: 8px;
  padding-bottom: 8px;
  padding-left: 16px;
  padding-right: 16px;
  height: 48px;
  border-width: 1px;
  border-radius: 4px;
}

.c5:hover {
  opacity: 0.8;
}

.c2 {
  font-family: "RT-Alias-Medium","system-ui","Segoe UI","Roboto",Helvetica;
  font-weight: 700;
  font-size: 1.5rem;
}

<div>
  <div
    class="c0"
    color="card.error.foreground"
    display="inline-block"
    overflow="hidden"
    style="word-break: break-word;"
    width="100%"
  >
    <div
      class="c1"
      color="status.fail.foreground"
      display="flex"
      size="6"
    >
      <h3
        class="c2"
      >
        Er
      </h3>
    </div>
    <h2>
      Ledger only supports Chrome
    </h2>
    <p
      style="font-size: 1.125rem;"
    >
      Please install Google Chrome to continue using your Ledger device, or choose an alternative setup option
    </p>
    <p
      style="font-size: 1.125rem;"
    >
      <a
        href="https://www.google.com/chrome"
        rel="noreferrer noopener"
        target="_blank"
      >
        Install Google Chrome.
      </a>
    </p>
    <div
      class="c3"
    >
      Get help in 
      <a
        href="https://discord.gg/B9ju5Eu4Rq"
        rel="noreferrer noopener"
        target="_blank"
      >
        Discord
      </a>
       or hit us up on 
      <a
        href="https://twitter.com/glifio"
        rel="noreferrer noopener"
        target="_blank"
      >
        Twitter
      </a>
    </div>
  </div>
  <div
    class="c4"
  >
    <button
      class="c5"
      font-size="3"
      height="6"
      type="button"
    >
      Back
    </button>
  </div>
</div>
`;

exports[`Error renders the story 1`] = `
.c0 {
  min-width: 0;
  box-sizing: border-box;
  border: 1px solid;
  border-radius: 4px;
  border-width: 1px;
  border-color: #FC6D6F;
  padding: 16px;
  background-color: #FC6D6F;
  color: #660000;
  display: inline-block;
  width: 100%;
  max-width: 560px;
  min-height: 240px;
  overflow: hidden;
}

.c1 {
  min-width: 0;
  box-sizing: border-box;
  border-width: 0.1875rem;
  border-radius: 8px;
  border-style: solid;
  color: #660000;
  display: -webkit-box;
  display: -webkit-flex;
  display: -ms-flexbox;
  display: flex;
  width: 48px;
  height: 48px;
  -webkit-align-items: center;
  -webkit-box-align: center;
  -ms-flex-align: center;
  align-items: center;
  -webkit-box-pack: center;
  -webkit-justify-content: center;
  -ms-flex-pack: center;
  justify-content: center;
}

.c3 {
  min-width: 0;
  box-sizing: border-box;
  border-top: 1px solid;
  border-color: #660000;
  margin-top: 1.5em;
  padding-top: 1em;
}

.c4 {
  min-width: 0;
  box-sizing: border-box;
  margin-top: 32px;
  text-align: center;
}

.c5 {
  cursor: pointer;
  border: 1px solid #262626;
  background-color: transparent;
  border-color: #262626;
  color: #262626;
  font-size: 1.125rem;
  -webkit-transition: 0.18s ease-in-out;
  transition: 0.18s ease-in-out;
  border-radius: 4px;
  padding-top: 8px;
  padding-bottom: 8px;
  padding-left: 16px;
  padding-right: 16px;
  height: 48px;
  border-width: 1px;
  border-radius: 4px;
}

.c5:hover {
  opacity: 0.8;
}

.c2 {
  font-family: "RT-Alias-Medium","system-ui","Segoe UI","Roboto",Helvetica;
  font-weight: 700;
  font-size: 1.5rem;
}

<div>
  <div
    class="c0"
    color="card.error.foreground"
    display="inline-block"
    overflow="hidden"
    style="word-break: break-word;"
    width="100%"
  >
    <div
      class="c1"
      color="status.fail.foreground"
      display="flex"
      size="6"
    >
      <h3
        class="c2"
      >
        Er
      </h3>
    </div>
    <h2>
      Ledger only supports Chrome
    </h2>
    <p
      style="font-size: 1.125rem;"
    >
      Please install Google Chrome to continue using your Ledger device, or choose an alternative setup option
    </p>
    <p
      style="font-size: 1.125rem;"
    >
      <a
        href="https://www.google.com/chrome"
        rel="noreferrer noopener"
        target="_blank"
      >
        Install Google Chrome.
      </a>
    </p>
    <div
      class="c3"
    >
      Get help in 
      <a
        href="https://discord.gg/B9ju5Eu4Rq"
        rel="noreferrer noopener"
        target="_blank"
      >
        Discord
      </a>
       or hit us up on 
      <a
        href="https://twitter.com/glifio"
        rel="noreferrer noopener"
        target="_blank"
      >
        Twitter
      </a>
    </div>
  </div>
  <div
    class="c4"
  >
    <button
      class="c5"
      font-size="3"
      height="6"
      type="button"
    >
      Back
    </button>
  </div>
</div>
`;
