// Jest Snapshot v1, https://goo.gl/fbAQLP

exports[`ActorState it renders the actor state correctly 1`] = `
.c8 {
  vertical-align: middle;
}

.c5 h4 {
  margin: 0;
  color: var(--gray-dark);
}

.c5 p {
  margin: 0;
  line-height: 1.5;
}

.c7 {
  position: relative;
  cursor: pointer;
}

.c7 svg {
  -webkit-transition: -webkit-transform 0.1s ease-out;
  -webkit-transition: transform 0.1s ease-out;
  transition: transform 0.1s ease-out;
}

.c7 .copy-text {
  position: absolute;
  top: calc(50% - 0.2em);
  left: calc(100%);
  padding-left: 0.5em;
  color: var(--purple-medium);
  opacity: 0;
  -webkit-transform: translateY(-50%);
  -ms-transform: translateY(-50%);
  transform: translateY(-50%);
  -webkit-transition: opacity 0.2s ease-in;
  transition: opacity 0.2s ease-in;
  pointer-events: none;
}

.c7:hover svg {
  -webkit-transform: scale(1.25);
  -ms-transform: scale(1.25);
  transform: scale(1.25);
}

.c7:hover .copy-text {
  opacity: 1;
  pointer-events: all;
}

.c6 {
  display: -webkit-box;
  display: -webkit-flex;
  display: -ms-flexbox;
  display: flex;
  gap: 0.35em;
  line-height: 1.5;
}

.c6 > a {
  color: var(--purple-medium);
  -webkit-text-decoration: none;
  text-decoration: none;
}

.c6 > a:hover {
  color: var(--purple-medium);
  -webkit-text-decoration: underline;
  text-decoration: underline;
}

.c6 > a svg {
  -webkit-transition: 0.24s ease-in-out;
  transition: 0.24s ease-in-out;
}

.c6 > a svg:hover {
  -webkit-transform: scale(1.25);
  -ms-transform: scale(1.25);
  transform: scale(1.25);
  fill: var(--purple-medium);
}

.c2 {
  display: -webkit-box;
  display: -webkit-flex;
  display: -ms-flexbox;
  display: flex;
  -webkit-flex-direction: column;
  -ms-flex-direction: column;
  flex-direction: column;
  gap: var(--space-m);
}

.c2 > p,
.c2 > hr {
  margin: 0.5em 0;
}

.c2 > p[role='button'] {
  margin: 0;
}

.c3 {
  display: -webkit-box;
  display: -webkit-flex;
  display: -ms-flexbox;
  display: flex;
  -webkit-align-items: center;
  -webkit-box-align: center;
  -ms-flex-align: center;
  align-items: center;
  gap: 1em;
  line-height: 2.5em;
  text-align: left;
  padding-left: 0em;
}

.c3 > div:first-child {
  -webkit-flex: 0 1 25%;
  -ms-flex: 0 1 25%;
  flex: 0 1 25%;
  min-width: 200px;
  text-transform: capitalize;
}

.c3 > div:last-child {
  -webkit-box-flex: 1;
  -webkit-flex-grow: 1;
  -ms-flex-positive: 1;
  flex-grow: 1;
  display: -webkit-box;
  display: -webkit-flex;
  display: -ms-flexbox;
  display: flex;
  -webkit-align-items: center;
  -webkit-box-align: center;
  -ms-flex-align: center;
  align-items: center;
  gap: 0.75em;
  word-break: break-word;
}

.c3 > div:last-child > p[role='button'] {
  margin: 0;
}

.c4 {
  display: -webkit-box;
  display: -webkit-flex;
  display: -ms-flexbox;
  display: flex;
  -webkit-align-items: center;
  -webkit-box-align: center;
  -ms-flex-align: center;
  align-items: center;
  gap: 1em;
  line-height: 2.5em;
  text-align: left;
  padding-left: 1.5em;
}

.c4 > div:first-child {
  -webkit-flex: 0 1 25%;
  -ms-flex: 0 1 25%;
  flex: 0 1 25%;
  min-width: 200px;
  text-transform: capitalize;
}

.c4 > div:last-child {
  -webkit-box-flex: 1;
  -webkit-flex-grow: 1;
  -ms-flex-positive: 1;
  flex-grow: 1;
  display: -webkit-box;
  display: -webkit-flex;
  display: -ms-flexbox;
  display: flex;
  -webkit-align-items: center;
  -webkit-box-align: center;
  -ms-flex-align: center;
  align-items: center;
  gap: 0.75em;
  word-break: break-word;
}

.c4 > div:last-child > p[role='button'] {
  margin: 0;
}

.c0 {
  display: -webkit-box;
  display: -webkit-flex;
  display: -ms-flexbox;
  display: flex;
  -webkit-align-items: center;
  -webkit-box-align: center;
  -ms-flex-align: center;
  align-items: center;
  -webkit-box-pack: justify;
  -webkit-justify-content: space-between;
  -ms-flex-pack: justify;
  justify-content: space-between;
  gap: var(--space-l);
  margin: 1em 0;
  font-size: var(--font-size-xl);
}

.c0 .side-bar {
  display: -webkit-box;
  display: -webkit-flex;
  display: -ms-flexbox;
  display: flex;
  -webkit-align-items: center;
  -webkit-box-align: center;
  -ms-flex-align: center;
  align-items: center;
  gap: var(--space-m);
  font-size: 1rem;
}

.c1 {
  margin: 0;
  color: var(--purple-medium);
}

<div>
  <div
    class="c0"
  >
    <h2
      class="c1"
    >
      Actor Overview
    </h2>
  </div>
  <hr />
  <div
    class="c2"
  >
    <div
      class="c3"
    >
      <div>
        Robust address
      </div>
      <div>
        f2m4f2dv7m35skytoqzsyrh5wqz3kxxfflxsha5za
      </div>
    </div>
    <div
      class="c3"
    >
      <div>
        ID address
      </div>
      <div>
        t0201
      </div>
    </div>
    <div
      class="c3"
    >
      <div>
        Actor name
      </div>
      <div>
        Multisig
      </div>
    </div>
    <div
      class="c3"
    >
      <div>
        Actor code
      </div>
      <div>
        bafk2bzacec66wmb4kohuzvuxsulhcgiwju7sqkldwfpmmgw7dbbwgm5l2574q
      </div>
    </div>
    <div
      class="c3"
    >
      <div>
        Balance
      </div>
      <div>
        1
         FIL
      </div>
    </div>
    <div
      class="c3"
    >
      <div>
        Available Balance
      </div>
      <div>
        1
         FIL
      </div>
    </div>
    <div
      class="c3"
    >
      <div>
        State
      </div>
      <div>
        <p
          role="button"
        >
          Click to hide actor state â†‘
        </p>
      </div>
    </div>
    <div
      class="c4"
    >
      <div>
        Signers
      </div>
      <div>
        <div
          class="c5"
        >
          <div
            class="c6"
            color="var(--purple-medium)"
          >
            <a
              href="https://explorer-calibration.glif.link/actor/?address=f2m4f2dv7m35skytoqzsyrh5wqz3kxxfflxsha5za"
              rel="noreferrer noopener"
              target="_blank"
            >
              f2m4f2 ... sha5za
            </a>
            <span
              class="c7"
              color="var(--purple-medium)"
              role="button"
            >
              <svg
                class="c8"
                height="16"
                viewBox="0 0 16 16"
                width="16"
                xmlns="http://www.w3.org/2000/svg"
              >
                <rect
                  fill="#1A0066"
                  height="12"
                  width="12"
                  x="4"
                  y="0"
                />
                <rect
                  fill="#E0D7FE"
                  height="12"
                  width="12"
                  x="0"
                  y="4"
                />
              </svg>
              <span
                class="copy-text"
              >
                Copy
              </span>
            </span>
          </div>
        </div>
      </div>
    </div>
    <div
      class="c4"
    >
      <div>
        NumApprovalsThreshold
      </div>
      <div>
        1
      </div>
    </div>
    <div
      class="c4"
    >
      <div>
        NextTxnID
      </div>
      <div>
        0
      </div>
    </div>
    <div
      class="c4"
    >
      <div>
        InitialBalance
      </div>
      <div>
        6 FIL
      </div>
    </div>
    <div
      class="c4"
    >
      <div>
        StartEpoch
      </div>
      <div>
        239252
      </div>
    </div>
    <div
      class="c4"
    >
      <div>
        UnlockDuration
      </div>
      <div>
        100
      </div>
    </div>
    <div
      class="c4"
    >
      <div>
        PendingTxns (CID)
      </div>
      <div>
        bafy2bzaceamp42wmmgr2g2ymg46euououzfyck7szknvfacqscohrvaikwfay
      </div>
    </div>
  </div>
</div>
`;
