// Jest Snapshot v1, https://goo.gl/fbAQLP

exports[`Box renders the story 1`] = `
.c0 {
  display: -webkit-box;
  display: -webkit-flex;
  display: -ms-flexbox;
  display: flex;
  -webkit-align-items: center;
  -webkit-box-align: center;
  -ms-flex-align: center;
  align-items: center;
  gap: 10px;
  -webkit-flex: 1 0 10em;
  -ms-flex: 1 0 10em;
  flex: 1 0 10em;
}

.c1 {
  width: 1.5em;
  height: 1.5em;
  font-size: 1.125em;
  text-align: center;
  line-height: 1.5em;
}

.c2 {
  background-color: transparent;
  color: #5E26FF;
  display: -webkit-box;
  display: -webkit-flex;
  display: -ms-flexbox;
  display: flex;
  width: 100%;
  height: 32px;
  border-radius: 100px;
  border: 1px solid;
  -webkit-align-items: center;
  -webkit-box-align: center;
  -ms-flex-align: center;
  align-items: center;
  -webkit-box-pack: center;
  -webkit-justify-content: center;
  -ms-flex-pack: center;
  justify-content: center;
  text-align: center;
  font-size: 1.25rem;
}

.c2:focus {
  box-shadow: 0;
  outline: 0;
}

<div
  class="c0"
>
  <div
    class="c1"
  >
    12
  </div>
  <input
    class="c2"
    color="core.primary"
    display="flex"
    font-size="3"
    height="5"
    value=""
    width="100%"
  />
</div>
`;
